// Jest Snapshot v1, https://goo.gl/fbAQLP

exports[`ScrollToTop component renders correctly 1`] = `<div />`;
