// Jest Snapshot v1, https://goo.gl/fbAQLP

exports[`Highlight component renders correctly 1`] = `<div />`;
