// Jest Snapshot v1, https://goo.gl/fbAQLP

exports[`TermCard component renders correctly 1`] = `
<a
  className=""
  href="/undefined/undefined"
  onClick={[Function]}
>
  <div
    className={undefined}
  />
  <div
    className={undefined}
  />
</a>
`;
